// Jest Snapshot v1, https://goo.gl/fbAQLP

exports[`Table should render correctly 1`] = `
<DocumentFragment>
  <table
    class="sc-de9c0f69-0 fQQWSd"
  >
    <thead
      class="sc-de9c0f69-1 oYdKO"
    >
      <tr>
        <th
          class="sc-de9c0f69-2 hbnReg"
        >
          Label
        </th>
        <th
          class="sc-de9c0f69-2 hbnReg"
        >
          Value
        </th>
        <th
          class="sc-de9c0f69-2 hbnReg"
        >
          Description
        </th>
        <th
          class="sc-de9c0f69-2 hbnReg"
        >
          Category
        </th>
      </tr>
    </thead>
    <tbody>
      <tr
        class="sc-de9c0f69-3 dLMrcw"
      >
        <td
          class="sc-de9c0f69-4 kqUsCt"
          data-label="Label"
        >
          oee
        </td>
        <td
          class="sc-de9c0f69-4 kqUsCt"
          data-label="Value"
        >
          68%
        </td>
        <td
          class="sc-de9c0f69-4 kqUsCt"
          data-label="Description"
        >
          The overall equipment efficiency in %
        </td>
        <td
          class="sc-de9c0f69-4 kqUsCt"
          data-label="Category"
        >
          <span
            class="sc-fea6eeed-0 jmkfQA bg-emerald-200 border-emerald-800 text-emerald-800"
            label="efficiency"
          >
            efficiency
          </span>
        </td>
      </tr>
      <tr
        class="sc-de9c0f69-3 dLMrcw"
      >
        <td
          class="sc-de9c0f69-4 kqUsCt"
          data-label="Label"
        >
          Speed loss
        </td>
        <td
          class="sc-de9c0f69-4 kqUsCt"
          data-label="Value"
        >
          -10.5
        </td>
        <td
          class="sc-de9c0f69-4 kqUsCt"
          data-label="Description"
        >
          The line speed loss
        </td>
        <td
          class="sc-de9c0f69-4 kqUsCt"
          data-label="Category"
        >
          <span
            class="sc-fea6eeed-0 jmkfQA bg-emerald-200 border-emerald-800 text-emerald-800"
            label="efficiency"
          >
            efficiency
          </span>
        </td>
      </tr>
      <tr
        class="sc-de9c0f69-3 dLMrcw"
      >
        <td
          class="sc-de9c0f69-4 kqUsCt"
          data-label="Label"
        >
          Cleaning in shift
        </td>
        <td
          class="sc-de9c0f69-4 kqUsCt"
          data-label="Value"
        >
          2280 s
        </td>
        <td
          class="sc-de9c0f69-4 kqUsCt"
          data-label="Description"
        >
          Time spent (in seconds) cleaning the machines during the last shift
        </td>
        <td
          class="sc-de9c0f69-4 kqUsCt"
          data-label="Category"
        >
          <span
            class="sc-fea6eeed-0 jmkfQA bg-sky-200 border-sky-800 text-sky-800"
            label="shift"
          >
            shift
          </span>
        </td>
      </tr>
      <tr
        class="sc-de9c0f69-3 dLMrcw"
      >
        <td
          class="sc-de9c0f69-4 kqUsCt"
          data-label="Label"
        >
          Shift duration
        </td>
        <td
          class="sc-de9c0f69-4 kqUsCt"
          data-label="Value"
        >
          8 h
        </td>
        <td
          class="sc-de9c0f69-4 kqUsCt"
          data-label="Description"
        >
          Last shift duration in hours
        </td>
        <td
          class="sc-de9c0f69-4 kqUsCt"
          data-label="Category"
        >
          <span
            class="sc-fea6eeed-0 jmkfQA bg-sky-200 border-sky-800 text-sky-800"
            label="shift"
          >
            shift
          </span>
        </td>
      </tr>
      <tr
        class="sc-de9c0f69-3 dLMrcw"
      >
        <td
          class="sc-de9c0f69-4 kqUsCt"
          data-label="Label"
        >
          -
        </td>
        <td
          class="sc-de9c0f69-4 kqUsCt"
          data-label="Value"
        >
          -
        </td>
        <td
          class="sc-de9c0f69-4 kqUsCt"
          data-label="Description"
        >
          -
        </td>
        <td
          class="sc-de9c0f69-4 kqUsCt"
          data-label="Category"
        >
          -
        </td>
      </tr>
      <tr
        class="sc-de9c0f69-3 dLMrcw"
      >
        <td
          class="sc-de9c0f69-4 kqUsCt"
          data-label="Label"
        >
          Unexplained downtime
        </td>
        <td
          class="sc-de9c0f69-4 kqUsCt"
          data-label="Value"
        >
          180 s
        </td>
        <td
          class="sc-de9c0f69-4 kqUsCt"
          data-label="Description"
        >
          The downtime (in seconds) caused by undocumented reasons
        </td>
        <td
          class="sc-de9c0f69-4 kqUsCt"
          data-label="Category"
        >
          <span
            class="sc-fea6eeed-0 jmkfQA bg-red-200 border-red-800 text-red-800"
            label="downtime"
          >
            downtime
          </span>
        </td>
      </tr>
      <tr
        class="sc-de9c0f69-3 dLMrcw"
      >
        <td
          class="sc-de9c0f69-4 kqUsCt"
          data-label="Label"
        >
          Mechanical problems
        </td>
        <td
          class="sc-de9c0f69-4 kqUsCt"
          data-label="Value"
        >
          1210 s
        </td>
        <td
          class="sc-de9c0f69-4 kqUsCt"
          data-label="Description"
        >
          The downtime (in seconds) caused by mechanical problems
        </td>
        <td
          class="sc-de9c0f69-4 kqUsCt"
          data-label="Category"
        >
          <span
            class="sc-fea6eeed-0 jmkfQA bg-red-200 border-red-800 text-red-800"
            label="downtime"
          >
            downtime
          </span>
        </td>
      </tr>
    </tbody>
  </table>
</DocumentFragment>
`;
